Total messages: 60 (Errors: 2, Warnings: 0)

[DEBUG] [vite] connecting... @ http://localhost:5175/@vite/client:494
[DEBUG] [vite] connected. @ http://localhost:5175/@vite/client:617
[INFO] %cDownload the React DevTools for a better development experience: https://reactjs.org/link/react-devtools font-weight:bold @ http://localhost:5175/node_modules/.vite/deps/chunk-ZYYRC4UE.js?v=55680e85:21550
[ERROR] Failed to load resource: the server responded with a status of 404 (Not Found) @ http://localhost:5175/favicon.ico:0
[DEBUG] [vite] hot updated: /src/pages/TestPage.tsx @ http://localhost:5175/@vite/client:222
[DEBUG] [vite] hot updated: /src/pages/MappingPage.tsx @ http://localhost:5175/@vite/client:222
[DEBUG] [vite] hot updated: /src/pages/ProcessingPage.tsx @ http://localhost:5175/@vite/client:222
[DEBUG] [vite] hot updated: /src/pages/TestPage.tsx @ http://localhost:5175/@vite/client:222
[DEBUG] [vite] hot updated: /src/pages/MappingPage.tsx @ http://localhost:5175/@vite/client:222
[DEBUG] [vite] hot updated: /src/pages/ProcessingPage.tsx @ http://localhost:5175/@vite/client:222
[DEBUG] [vite] hot updated: /src/pages/TestPage.tsx @ http://localhost:5175/@vite/client:222
[DEBUG] [vite] hot updated: /src/pages/MappingPage.tsx @ http://localhost:5175/@vite/client:222
[DEBUG] [vite] hot updated: /src/pages/ProcessingPage.tsx @ http://localhost:5175/@vite/client:222
[DEBUG] [vite] connecting... @ http://localhost:5175/@vite/client:494
[DEBUG] [vite] connected. @ http://localhost:5175/@vite/client:617
[INFO] %cDownload the React DevTools for a better development experience: https://reactjs.org/link/react-devtools font-weight:bold @ http://localhost:5175/node_modules/.vite/deps/chunk-ZYYRC4UE.js?v=55680e85:21550
[DEBUG] [vite] hot updated: /src/pages/TestPage.tsx @ http://localhost:5175/@vite/client:222
[DEBUG] [vite] hot updated: /src/pages/MappingPage.tsx @ http://localhost:5175/@vite/client:222
[DEBUG] [vite] hot updated: /src/pages/ProcessingPage.tsx @ http://localhost:5175/@vite/client:222
[DEBUG] [vite] connecting... @ http://localhost:5175/@vite/client:494
[DEBUG] [vite] connected. @ http://localhost:5175/@vite/client:617
[INFO] %cDownload the React DevTools for a better development experience: https://reactjs.org/link/react-devtools font-weight:bold @ http://localhost:5175/node_modules/.vite/deps/chunk-ZYYRC4UE.js?v=55680e85:21550
[DEBUG] [vite] hot updated: /src/pages/TestPage.tsx @ http://localhost:5175/@vite/client:222
[DEBUG] [vite] hot updated: /src/pages/TestPage.tsx @ http://localhost:5175/@vite/client:222
[DEBUG] [vite] hot updated: /src/pages/MappingPage.tsx @ http://localhost:5175/@vite/client:222
[DEBUG] [vite] hot updated: /src/pages/ProcessingPage.tsx @ http://localhost:5175/@vite/client:222
[DEBUG] [vite] connecting... @ http://localhost:5175/@vite/client:494
[DEBUG] [vite] connected. @ http://localhost:5175/@vite/client:617
[INFO] %cDownload the React DevTools for a better development experience: https://reactjs.org/link/react-devtools font-weight:bold @ http://localhost:5175/node_modules/.vite/deps/chunk-ZYYRC4UE.js?v=55680e85:21550
[LOG] [ImageProcessor] Iniciando preprocess... @ http://localhost:5175/src/pages/TestPage.tsx?t=1778363636321:32
[LOG] [ImageProcessor] Grayscale concluído @ http://localhost:5175/src/pages/TestPage.tsx?t=1778363636321:32
[DEBUG] [vite] hot updated: /src/pages/TestPage.tsx @ http://localhost:5175/@vite/client:222
[DEBUG] [vite] hot updated: /src/pages/MappingPage.tsx @ http://localhost:5175/@vite/client:222
[DEBUG] [vite] hot updated: /src/pages/ProcessingPage.tsx @ http://localhost:5175/@vite/client:222
[DEBUG] [vite] connecting... @ http://localhost:5175/@vite/client:494
[DEBUG] [vite] connected. @ http://localhost:5175/@vite/client:617
[INFO] %cDownload the React DevTools for a better development experience: https://reactjs.org/link/react-devtools font-weight:bold @ http://localhost:5175/node_modules/.vite/deps/chunk-ZYYRC4UE.js?v=55680e85:21550
[LOG] [ImageProcessor] Iniciando preprocess... @ http://localhost:5175/src/pages/TestPage.tsx?t=1778363719825:32
[LOG] [ImageProcessor] Grayscale concluído @ http://localhost:5175/src/pages/TestPage.tsx?t=1778363719825:32
[ERROR] [ImageProcessor] Erro no pipeline: TypeError: cv.createCLAHE is not a function
    at ImageProcessor.preprocess (http://localhost:5175/src/lib/image-processing/ImageProcessor.ts?t=1778363719825:344:24)
    at http://localhost:5175/src/hooks/useImageProcessor.ts?t=1778363719825:29:49
    at http://localhost:5175/src/pages/TestPage.tsx?t=1778363719825:67:30
    at withLogCapture (http://localhost:5175/src/pages/TestPage.tsx?t=1778363719825:42:12)
    at img.onload (http://localhost:5175/src/pages/TestPage.tsx?t=1778363719825:65:7) @ http://localhost:5175/src/lib/image-processing/ImageProcessor.ts?t=1778363719825:383
[DEBUG] [vite] connecting... @ http://localhost:5175/@vite/client:494
[DEBUG] [vite] connected. @ http://localhost:5175/@vite/client:617
[INFO] %cDownload the React DevTools for a better development experience: https://reactjs.org/link/react-devtools font-weight:bold @ http://localhost:5175/node_modules/.vite/deps/chunk-ZYYRC4UE.js?v=55680e85:21550
[DEBUG] [vite] connecting... @ http://localhost:5175/@vite/client:494
[DEBUG] [vite] connected. @ http://localhost:5175/@vite/client:617
[INFO] %cDownload the React DevTools for a better development experience: https://reactjs.org/link/react-devtools font-weight:bold @ http://localhost:5175/node_modules/.vite/deps/chunk-ZYYRC4UE.js?v=55680e85:21550
[DEBUG] [vite] hot updated: /src/pages/TestPage.tsx @ http://localhost:5175/@vite/client:222
[DEBUG] [vite] hot updated: /src/pages/MappingPage.tsx @ http://localhost:5175/@vite/client:222
[DEBUG] [vite] hot updated: /src/pages/ProcessingPage.tsx @ http://localhost:5175/@vite/client:222
[DEBUG] [vite] connecting... @ http://localhost:5175/@vite/client:494
[DEBUG] [vite] connected. @ http://localhost:5175/@vite/client:617
[INFO] %cDownload the React DevTools for a better development experience: https://reactjs.org/link/react-devtools font-weight:bold @ http://localhost:5175/node_modules/.vite/deps/chunk-ZYYRC4UE.js?v=55680e85:21550
[LOG] [ImageProcessor] Iniciando preprocess... @ http://localhost:5175/src/pages/TestPage.tsx?t=1778363907882:32
[LOG] [ImageProcessor] Grayscale concluído @ http://localhost:5175/src/pages/TestPage.tsx?t=1778363907882:32
[LOG] [ImageProcessor] CLAHE concluído @ http://localhost:5175/src/pages/TestPage.tsx?t=1778363907882:32
[LOG] [ImageProcessor] Blur concluído @ http://localhost:5175/src/pages/TestPage.tsx?t=1778363907882:32
[LOG] [ImageProcessor] Threshold concluído @ http://localhost:5175/src/pages/TestPage.tsx?t=1778363907882:32
[LOG] [ImageProcessor] Pipeline concluído @ http://localhost:5175/src/pages/TestPage.tsx?t=1778363907882:32
[LOG] [GridDetector/FFT] período linhas=20.6px (SNR=6.1), colunas=23.4px (SNR=4.2) @ http://localhost:5175/src/pages/TestPage.tsx?t=1778363907882:32
[LOG] [GridDetector] ✓ Detecção por FFT bem-sucedida @ http://localhost:5175/src/pages/TestPage.tsx?t=1778363907882:32