Total messages: 31 (Errors: 1, Warnings: 0)

[DEBUG] [vite] connecting... @ http://localhost:5175/@vite/client:494
[DEBUG] [vite] connected. @ http://localhost:5175/@vite/client:617
[INFO] %cDownload the React DevTools for a better development experience: https://reactjs.org/link/react-devtools font-weight:bold @ http://localhost:5175/node_modules/.vite/deps/chunk-ZYYRC4UE.js?v=55680e85:21550
[ERROR] Failed to load resource: the server responded with a status of 404 (Not Found) @ http://localhost:5175/favicon.ico:0
[DEBUG] [vite] hot updated: /src/pages/TestPage.tsx @ http://localhost:5175/@vite/client:222
[DEBUG] [vite] hot updated: /src/pages/MappingPage.tsx @ http://localhost:5175/@vite/client:222
[DEBUG] [vite] hot updated: /src/pages/ProcessingPage.tsx @ http://localhost:5175/@vite/client:222
[DEBUG] [vite] hot updated: /src/pages/TestPage.tsx @ http://localhost:5175/@vite/client:222
[DEBUG] [vite] hot updated: /src/pages/MappingPage.tsx @ http://localhost:5175/@vite/client:222
[DEBUG] [vite] hot updated: /src/pages/ProcessingPage.tsx @ http://localhost:5175/@vite/client:222
[DEBUG] [vite] hot updated: /src/pages/TestPage.tsx @ http://localhost:5175/@vite/client:222
[DEBUG] [vite] hot updated: /src/pages/MappingPage.tsx @ http://localhost:5175/@vite/client:222
[DEBUG] [vite] hot updated: /src/pages/ProcessingPage.tsx @ http://localhost:5175/@vite/client:222
[DEBUG] [vite] connecting... @ http://localhost:5175/@vite/client:494
[DEBUG] [vite] connected. @ http://localhost:5175/@vite/client:617
[INFO] %cDownload the React DevTools for a better development experience: https://reactjs.org/link/react-devtools font-weight:bold @ http://localhost:5175/node_modules/.vite/deps/chunk-ZYYRC4UE.js?v=55680e85:21550
[DEBUG] [vite] hot updated: /src/pages/TestPage.tsx @ http://localhost:5175/@vite/client:222
[DEBUG] [vite] hot updated: /src/pages/MappingPage.tsx @ http://localhost:5175/@vite/client:222
[DEBUG] [vite] hot updated: /src/pages/ProcessingPage.tsx @ http://localhost:5175/@vite/client:222
[DEBUG] [vite] connecting... @ http://localhost:5175/@vite/client:494
[DEBUG] [vite] connected. @ http://localhost:5175/@vite/client:617
[INFO] %cDownload the React DevTools for a better development experience: https://reactjs.org/link/react-devtools font-weight:bold @ http://localhost:5175/node_modules/.vite/deps/chunk-ZYYRC4UE.js?v=55680e85:21550
[DEBUG] [vite] hot updated: /src/pages/TestPage.tsx @ http://localhost:5175/@vite/client:222
[DEBUG] [vite] hot updated: /src/pages/TestPage.tsx @ http://localhost:5175/@vite/client:222
[DEBUG] [vite] hot updated: /src/pages/MappingPage.tsx @ http://localhost:5175/@vite/client:222
[DEBUG] [vite] hot updated: /src/pages/ProcessingPage.tsx @ http://localhost:5175/@vite/client:222
[DEBUG] [vite] connecting... @ http://localhost:5175/@vite/client:494
[DEBUG] [vite] connected. @ http://localhost:5175/@vite/client:617
[INFO] %cDownload the React DevTools for a better development experience: https://reactjs.org/link/react-devtools font-weight:bold @ http://localhost:5175/node_modules/.vite/deps/chunk-ZYYRC4UE.js?v=55680e85:21550
[LOG] [ImageProcessor] Iniciando preprocess... @ http://localhost:5175/src/pages/TestPage.tsx?t=1778363636321:32
[LOG] [ImageProcessor] Grayscale concluído @ http://localhost:5175/src/pages/TestPage.tsx?t=1778363636321:32